

/define/periodic-conditions/massflow-rate-specification 0.12693 -521 0.5 2 1 0 0
/solve/initialize/hyb-initialization ok ,
solve/iterate 1000
file/write-case-data "P1.cas"


/define/periodic-conditions/massflow-rate-specification 0.19788 , 0.5 2 1 0 0
/solve/initialize/hyb-initialization ok ,
solve/iterate 1000
file/write-case-data "P2.cas"


/define/periodic-conditions/massflow-rate-specification 0.27016 , 0.5 2 1 0 0
/solve/initialize/hyb-initialization ok ,
solve/iterate 1000
file/write-case-data "P3.cas"

/define/periodic-conditions/massflow-rate-specification 0.34601 , 0.5 2 1 0 0
/solve/initialize/hyb-initialization ok ,
; /solve/initialize/initialize-flow ok ,
solve/iterate 1000
file/write-case-data "P4.cas"

/define/periodic-conditions/massflow-rate-specification 0.41806 , 0.5 2 1 0 0
/solve/initialize/hyb-initialization ok ,
solve/iterate 1000
file/write-case-data "P5.cas"

/define/periodic-conditions/massflow-rate-specification 0.49201 , 0.5 2 1 0 0
/solve/initialize/hyb-initialization ok ,
solve/iterate 1000
file/write-case-data "P6.cas"

/define/periodic-conditions/massflow-rate-specification 0.56657 , 0.5 2 1 0 0
/solve/initialize/hyb-initialization ok ,
solve/iterate 1000
file/write-case-data "P7.cas"

/define/periodic-conditions/massflow-rate-specification 0.64545 , 0.5 2 1 0 0
/solve/initialize/hyb-initialization ok ,
solve/iterate 1000
file/write-case-data "P8.cas"

/define/periodic-conditions/massflow-rate-specification 0.71990 , 0.5 2 1 0 0
/solve/initialize/hyb-initialization ok ,
solve/iterate 1000
file/write-case-data "P9.cas"

/define/periodic-conditions/massflow-rate-specification 0.79735 , 0.5 2 1 0 0
/solve/initialize/hyb-initialization ok ,
solve/iterate 1000
file/write-case-data "P10.cas"

/define/periodic-conditions/massflow-rate-specification 0.87067 , 0.5 2 1 0 0
/solve/initialize/hyb-initialization ok ,
solve/iterate 1000
file/write-case-data "P11.cas"

/define/periodic-conditions/massflow-rate-specification 0.94345 , 0.5 2 1 0 0
/solve/initialize/hyb-initialization ok ,
solve/iterate 1000
file/write-case-data "P12.cas"

/define/periodic-conditions/massflow-rate-specification 1.02001 , 0.5 2 1 0 0
/solve/initialize/hyb-initialization ok ,
solve/iterate 1000
file/write-case-data "P13.cas"

/define/periodic-conditions/massflow-rate-specification 1.09095 , 0.5 2 1 0 0
/solve/initialize/hyb-initialization ok ,
solve/iterate 1000
file/write-case-data "P14.cas"
